\BOOKMARK [1][-]{section.1}{\376\377\000E\000x\000e\000c\000u\000t\000i\000v\000e\000\040\000S\000u\000m\000m\000a\000r\000y}{}% 1
\BOOKMARK [1][-]{section.2}{\376\377\000C\000a\000m\000p\000u\000s\000\040\000N\000e\000t\000w\000o\000r\000k\000\040\000D\000e\000s\000i\000g\000n\000\040\000\046\000\040\000A\000r\000c\000h\000i\000t\000e\000c\000t\000u\000r\000e}{}% 2
\BOOKMARK [2][-]{subsection.2.1}{\376\377\000T\000o\000p\000o\000l\000o\000g\000y\000\040\000A\000r\000c\000h\000i\000t\000e\000c\000t\000u\000r\000e\000\040\000O\000v\000e\000r\000v\000i\000e\000w}{section.2}% 3
\BOOKMARK [2][-]{subsection.2.2}{\376\377\000N\000e\000t\000w\000o\000r\000k\000\040\000I\000n\000v\000e\000n\000t\000o\000r\000y\000\040\000\046\000\040\000D\000e\000v\000i\000c\000e\000\040\000S\000e\000l\000e\000c\000t\000i\000o\000n\000\040\000J\000u\000s\000t\000i\000f\000i\000c\000a\000t\000i\000o\000n}{section.2}% 4
\BOOKMARK [3][-]{subsubsection.2.2.1}{\376\377\000W\000h\000y\000\040\000W\000e\000\040\000M\000o\000v\000e\000d\000\040\000t\000h\000e\000\040\000D\000i\000s\000t\000r\000i\000b\000u\000t\000i\000o\000n\000\040\000L\000a\000y\000e\000r\000\040\000t\000o\000\040\000L\000a\000y\000e\000r\000\040\0003}{subsection.2.2}% 5
\BOOKMARK [2][-]{subsection.2.3}{\376\377\000V\000L\000A\000N\000\040\000A\000l\000l\000o\000c\000a\000t\000i\000o\000n\000\040\000a\000n\000d\000\040\000I\000P\000\040\000A\000d\000d\000r\000e\000s\000s\000i\000n\000g\000\040\000S\000c\000h\000e\000m\000e}{section.2}% 6
\BOOKMARK [2][-]{subsection.2.4}{\376\377\000R\000o\000u\000t\000i\000n\000g\000\040\000A\000r\000c\000h\000i\000t\000e\000c\000t\000u\000r\000e\000\040\000\046\000\040\000N\000A\000T\000\040\000O\000v\000e\000r\000l\000o\000a\000d}{section.2}% 7
\BOOKMARK [3][-]{subsubsection.2.4.1}{\376\377\000O\000p\000e\000n\000\040\000S\000h\000o\000r\000t\000e\000s\000t\000\040\000P\000a\000t\000h\000\040\000F\000i\000r\000s\000t\000\040\000\050\000O\000S\000P\000F\000\040\000A\000r\000e\000a\000\040\0000\000\051}{subsection.2.4}% 8
\BOOKMARK [3][-]{subsubsection.2.4.2}{\376\377\000S\000t\000a\000t\000i\000c\000\040\000D\000e\000f\000a\000u\000l\000t\000\040\000R\000o\000u\000t\000i\000n\000g\000\040\000\046\000\040\000I\000n\000t\000e\000r\000n\000e\000t\000\040\000E\000g\000r\000e\000s\000s}{subsection.2.4}% 9
\BOOKMARK [3][-]{subsubsection.2.4.3}{\376\377\000N\000e\000t\000w\000o\000r\000k\000\040\000A\000d\000d\000r\000e\000s\000s\000\040\000T\000r\000a\000n\000s\000l\000a\000t\000i\000o\000n\000\040\000\050\000P\000A\000T\000\051\000\040\000P\000o\000l\000i\000c\000y}{subsection.2.4}% 10
\BOOKMARK [1][-]{section.3}{\376\377\000S\000e\000c\000u\000r\000i\000t\000y\000\040\000P\000o\000l\000i\000c\000y\000\040\000I\000m\000p\000l\000e\000m\000e\000n\000t\000a\000t\000i\000o\000n\000\040\000\046\000\040\000A\000C\000L\000\040\000M\000a\000t\000r\000i\000x}{}% 11
\BOOKMARK [2][-]{subsection.3.1}{\376\377\000E\000x\000t\000e\000n\000d\000e\000d\000\040\000N\000a\000m\000e\000d\000\040\000A\000C\000L\000\040\000S\000p\000e\000c\000i\000f\000i\000c\000a\000t\000i\000o\000n\000s}{section.3}% 12
\BOOKMARK [2][-]{subsection.3.2}{\376\377\0004\000x\0004\000\040\000D\000e\000p\000a\000r\000t\000m\000e\000n\000t\000\040\000R\000e\000a\000c\000h\000a\000b\000i\000l\000i\000t\000y\000\040\000T\000e\000s\000t\000\040\000M\000a\000t\000r\000i\000x}{section.3}% 13
\BOOKMARK [3][-]{subsubsection.3.2.1}{\376\377\000T\000h\000e\000\040\0004\000x\0004\000\040\000I\000C\000M\000P\000\040\000P\000i\000n\000g\000\040\000R\000e\000s\000u\000l\000t\000s\000\040\000M\000a\000t\000r\000i\000x}{subsection.3.2}% 14
\BOOKMARK [3][-]{subsubsection.3.2.2}{\376\377\000T\000h\000e\000\040\0004\000x\0004\000\040\000T\000r\000a\000c\000e\000r\000o\000u\000t\000e\000\040\000P\000a\000t\000h\000\040\000M\000a\000t\000r\000i\000x}{subsection.3.2}% 15
\BOOKMARK [2][-]{subsection.3.3}{\376\377\000R\000e\000p\000r\000e\000s\000e\000n\000t\000a\000t\000i\000v\000e\000\040\000C\000o\000m\000m\000a\000n\000d\000\040\000O\000u\000t\000p\000u\000t\000\040\000E\000v\000i\000d\000e\000n\000c\000e}{section.3}% 16
\BOOKMARK [3][-]{subsubsection.3.3.1}{\376\377\000S\000u\000c\000c\000e\000s\000s\000f\000u\000l\000\040\000I\000n\000t\000e\000r\000-\000D\000e\000p\000a\000r\000t\000m\000e\000n\000t\000\040\000R\000e\000a\000c\000h\000a\000b\000i\000l\000i\000t\000y\000\040\000\050\000D\000E\000I\000E\000\040\000t\000o\000\040\000D\000I\000S\000\051}{subsection.3.3}% 17
\BOOKMARK [3][-]{subsubsection.3.3.2}{\376\377\000E\000x\000p\000l\000i\000c\000i\000t\000\040\000A\000C\000L\000\040\000D\000e\000n\000i\000a\000l\000\040\000O\000u\000t\000p\000u\000t\000\040\000\050\000D\000C\000E\000E\000\040\000t\000o\000\040\000D\000I\000S\000\040\000P\000i\000n\000g\000\040\000B\000l\000o\000c\000k\000e\000d\000\051}{subsection.3.3}% 18
\BOOKMARK [3][-]{subsubsection.3.3.3}{\376\377\000V\000e\000r\000i\000f\000i\000c\000a\000t\000i\000o\000n\000\040\000o\000f\000\040\000H\000a\000r\000d\000w\000a\000r\000e\000\040\000A\000C\000L\000\040\000H\000i\000t\000\040\000C\000o\000u\000n\000t\000e\000r\000s}{subsection.3.3}% 19
\BOOKMARK [1][-]{section.4}{\376\377\000N\000e\000t\000w\000o\000r\000k\000\040\000A\000u\000t\000o\000m\000a\000t\000i\000o\000n\000\040\000F\000r\000a\000m\000e\000w\000o\000r\000k}{}% 20
\BOOKMARK [2][-]{subsection.4.1}{\376\377\000P\000y\000t\000h\000o\000n\000\040\000\046\000\040\000N\000e\000t\000m\000i\000k\000o\000\040\000A\000u\000t\000o\000m\000a\000t\000i\000o\000n\000\040\000\050\000R\000o\000u\000t\000e\000r\000\040\000\046\000\040\000S\000N\000M\000P\000\040\000P\000l\000a\000n\000e\000\051}{section.4}% 21
\BOOKMARK [3][-]{subsubsection.4.1.1}{\376\377\000A\000r\000c\000h\000i\000t\000e\000c\000t\000u\000r\000e\000\040\000a\000n\000d\000\040\000E\000x\000e\000c\000u\000t\000i\000o\000n\000\040\000F\000l\000o\000w}{subsection.4.1}% 22
\BOOKMARK [2][-]{subsection.4.2}{\376\377\000A\000n\000s\000i\000b\000l\000e\000\040\000A\000u\000t\000o\000m\000a\000t\000i\000o\000n\000\040\000F\000r\000a\000m\000e\000w\000o\000r\000k\000\040\000\050\000S\000w\000i\000t\000c\000h\000\040\000P\000l\000a\000n\000e\000\051}{section.4}% 23
\BOOKMARK [3][-]{subsubsection.4.2.1}{\376\377\000R\000o\000l\000e\000-\000B\000a\000s\000e\000d\000\040\000D\000i\000r\000e\000c\000t\000o\000r\000y\000\040\000S\000t\000r\000u\000c\000t\000u\000r\000e}{subsection.4.2}% 24
\BOOKMARK [3][-]{subsubsection.4.2.2}{\376\377\000M\000a\000s\000t\000e\000r\000\040\000P\000l\000a\000y\000b\000o\000o\000k\000\040\000\050\000s\000i\000t\000e\000.\000y\000m\000l\000\051\000\040\000E\000x\000e\000c\000u\000t\000i\000o\000n\000\040\000F\000l\000o\000w}{subsection.4.2}% 25
\BOOKMARK [3][-]{subsubsection.4.2.3}{\376\377\000I\000d\000e\000m\000p\000o\000t\000e\000n\000c\000y\000\040\000\046\000\040\000V\000e\000r\000i\000f\000i\000c\000a\000t\000i\000o\000n\000\040\000E\000v\000i\000d\000e\000n\000c\000e}{subsection.4.2}% 26
\BOOKMARK [2][-]{subsection.4.3}{\376\377\000E\000n\000g\000i\000n\000e\000e\000r\000i\000n\000g\000\040\000T\000o\000o\000l\000\040\000S\000e\000l\000e\000c\000t\000i\000o\000n\000\040\000J\000u\000s\000t\000i\000f\000i\000c\000a\000t\000i\000o\000n}{section.4}% 27
\BOOKMARK [1][-]{section.5}{\376\377\000N\000e\000t\000w\000o\000r\000k\000\040\000M\000o\000n\000i\000t\000o\000r\000i\000n\000g\000\040\000S\000y\000s\000t\000e\000m\000\040\000\050\000Z\000a\000b\000b\000i\000x\000\051}{}% 28
\BOOKMARK [2][-]{subsection.5.1}{\376\377\000H\000o\000s\000t\000\040\000O\000n\000b\000o\000a\000r\000d\000i\000n\000g\000\040\000\046\000\040\000S\000N\000M\000P\000\040\000C\000o\000n\000f\000i\000g\000u\000r\000a\000t\000i\000o\000n}{section.5}% 29
\BOOKMARK [2][-]{subsection.5.2}{\376\377\000T\000r\000i\000g\000g\000e\000r\000s\000\040\000a\000n\000d\000\040\000A\000l\000e\000r\000t\000\040\000T\000h\000r\000e\000s\000h\000o\000l\000d\000s}{section.5}% 30
\BOOKMARK [2][-]{subsection.5.3}{\376\377\000C\000u\000s\000t\000o\000m\000\040\000Z\000a\000b\000b\000i\000x\000\040\000D\000a\000s\000h\000b\000o\000a\000r\000d\000\040\000\050\000F\000o\000E\000-\000U\000o\000R\000\040\000N\000e\000t\000w\000o\000r\000k\000\051}{section.5}% 31
\BOOKMARK [1][-]{section.6}{\376\377\000C\000h\000a\000l\000l\000e\000n\000g\000e\000s\000,\000\040\000T\000r\000o\000u\000b\000l\000e\000s\000h\000o\000o\000t\000i\000n\000g\000\040\000\046\000\040\000R\000o\000o\000t\000\040\000C\000a\000u\000s\000e\000\040\000A\000n\000a\000l\000y\000s\000i\000s}{}% 32
\BOOKMARK [2][-]{subsection.6.1}{\376\377\000V\000L\000A\000N\000\040\0009\0009\000\040\000M\000a\000n\000a\000g\000e\000m\000e\000n\000t\000\040\000P\000l\000a\000n\000e\000\040\000I\000s\000o\000l\000a\000t\000i\000o\000n\000\040\000\050\000L\0002\000\040\000S\000p\000l\000i\000t\000\040\000P\000o\000s\000t\000-\000L\0003\000\040\000C\000o\000n\000v\000e\000r\000s\000i\000o\000n\000\051}{section.6}% 33
\BOOKMARK [3][-]{subsubsection.6.1.1}{\376\377\000P\000r\000o\000b\000l\000e\000m\000\040\000D\000e\000s\000c\000r\000i\000p\000t\000i\000o\000n}{subsection.6.1}% 34
\BOOKMARK [3][-]{subsubsection.6.1.2}{\376\377\000R\000o\000o\000t\000\040\000C\000a\000u\000s\000e\000\040\000A\000n\000a\000l\000y\000s\000i\000s}{subsection.6.1}% 35
\BOOKMARK [3][-]{subsubsection.6.1.3}{\376\377\000H\000o\000w\000\040\000W\000e\000\040\000F\000i\000x\000e\000d\000\040\000I\000t}{subsection.6.1}% 36
\BOOKMARK [2][-]{subsection.6.2}{\376\377\000O\000S\000P\000F\000\040\000A\000d\000j\000a\000c\000e\000n\000c\000y\000\040\000F\000a\000i\000l\000u\000r\000e\000\040\000\046\000\040\000A\000C\000L\000\040\000F\000i\000l\000t\000e\000r\000i\000n\000g\000\040\000R\000e\000m\000e\000d\000i\000a\000t\000i\000o\000n}{section.6}% 37
\BOOKMARK [3][-]{subsubsection.6.2.1}{\376\377\000P\000r\000o\000b\000l\000e\000m\000\040\000D\000e\000s\000c\000r\000i\000p\000t\000i\000o\000n}{subsection.6.2}% 38
\BOOKMARK [3][-]{subsubsection.6.2.2}{\376\377\000R\000o\000o\000t\000\040\000C\000a\000u\000s\000e\000\040\000A\000n\000a\000l\000y\000s\000i\000s}{subsection.6.2}% 39
\BOOKMARK [3][-]{subsubsection.6.2.3}{\376\377\000H\000o\000w\000\040\000W\000e\000\040\000F\000i\000x\000e\000d\000\040\000I\000t}{subsection.6.2}% 40
\BOOKMARK [1][-]{section.7}{\376\377\000R\000e\000f\000e\000r\000e\000n\000c\000e\000s}{}% 41
\BOOKMARK [1][-]{section.8}{\376\377\000A\000p\000p\000e\000n\000d\000i\000c\000e\000s}{}% 42
\BOOKMARK [2][-]{subsection.8.1}{\376\377\000A\000p\000p\000e\000n\000d\000i\000x\000\040\000A\000:\000\040\000P\000y\000t\000h\000o\000n\000\040\000N\000e\000t\000m\000i\000k\000o\000\040\000S\000c\000r\000i\000p\000t\000\040\000\050\0000\0001\000\137\000c\000o\000n\000f\000i\000g\000u\000r\000e\000\137\000r\000o\000u\000t\000e\000r\000s\000.\000p\000y\000\051}{section.8}% 43
\BOOKMARK [2][-]{subsection.8.2}{\376\377\000A\000p\000p\000e\000n\000d\000i\000x\000\040\000B\000:\000\040\000A\000n\000s\000i\000b\000l\000e\000\040\000S\000i\000t\000e\000\040\000P\000l\000a\000y\000b\000o\000o\000k\000\040\000\050\000s\000i\000t\000e\000.\000y\000m\000l\000\051}{section.8}% 44
\BOOKMARK [2][-]{subsection.8.3}{\376\377\000A\000p\000p\000e\000n\000d\000i\000x\000\040\000C\000:\000\040\000S\000a\000m\000p\000l\000e\000\040\000S\000w\000i\000t\000c\000h\000\040\000C\000o\000n\000f\000i\000g\000u\000r\000a\000t\000i\000o\000n\000\040\000E\000x\000t\000r\000a\000c\000t\000\040\000\050\000S\000W\000-\000D\000-\000D\000E\000I\000E\000\051}{section.8}% 45
\BOOKMARK [2][-]{subsection.8.4}{\376\377\000A\000p\000p\000e\000n\000d\000i\000x\000\040\000D\000:\000\040\000E\000m\000p\000i\000r\000i\000c\000a\000l\000\040\0004\000x\0004\000\040\000D\000e\000p\000a\000r\000t\000m\000e\000n\000t\000\040\000R\000e\000a\000c\000h\000a\000b\000i\000l\000i\000t\000y\000\040\000T\000e\000s\000t\000\040\000E\000v\000i\000d\000e\000n\000c\000e\000\040\000S\000c\000r\000e\000e\000n\000s\000h\000o\000t\000s}{section.8}% 46
\BOOKMARK [3][-]{subsubsection.8.4.1}{\376\377\000R\000o\000w\000\040\0001\000:\000\040\000D\000E\000I\000E\000\040\000H\000o\000s\000t\000\040\000R\000e\000a\000c\000h\000a\000b\000i\000l\000i\000t\000y\000\040\000E\000v\000i\000d\000e\000n\000c\000e\000\040\000\050\000S\000o\000u\000r\000c\000e\000\040\000I\000P\000:\000\040\0001\0000\000.\0001\0000\000.\0001\0000\000.\0001\0000\000\051}{subsection.8.4}% 47
\BOOKMARK [3][-]{subsubsection.8.4.2}{\376\377\000R\000o\000w\000\040\0002\000:\000\040\000D\000C\000E\000E\000\040\000H\000o\000s\000t\000\040\000R\000e\000a\000c\000h\000a\000b\000i\000l\000i\000t\000y\000\040\000E\000v\000i\000d\000e\000n\000c\000e\000\040\000\050\000S\000o\000u\000r\000c\000e\000\040\000I\000P\000:\000\040\0001\0000\000.\0001\0000\000.\0002\0000\000.\0001\0000\000\051}{subsection.8.4}% 48
\BOOKMARK [3][-]{subsubsection.8.4.3}{\376\377\000R\000o\000w\000\040\0003\000:\000\040\000D\000M\000M\000E\000\040\000H\000o\000s\000t\000\040\000R\000e\000a\000c\000h\000a\000b\000i\000l\000i\000t\000y\000\040\000E\000v\000i\000d\000e\000n\000c\000e\000\040\000\050\000S\000o\000u\000r\000c\000e\000\040\000I\000P\000:\000\040\0001\0000\000.\0001\0000\000.\0003\0000\000.\0001\0000\000\051}{subsection.8.4}% 49
\BOOKMARK [3][-]{subsubsection.8.4.4}{\376\377\000R\000o\000w\000\040\0004\000:\000\040\000D\000I\000S\000\040\000H\000o\000s\000t\000\040\000R\000e\000a\000c\000h\000a\000b\000i\000l\000i\000t\000y\000\040\000E\000v\000i\000d\000e\000n\000c\000e\000\040\000\050\000S\000o\000u\000r\000c\000e\000\040\000I\000P\000:\000\040\0001\0000\000.\0001\0000\000.\0004\0000\000.\0001\0000\000\051}{subsection.8.4}% 50
