This is pdfTeX, Version 3.141592653-2.6-1.40.28 (MiKTeX 25.12) (preloaded format=pdflatex 2026.8.6)  9 AUG 2026 20:57
entering extended mode
 restricted \write18 enabled.
 %&-line parsing enabled.
**./main.tex
(main.tex
LaTeX2e <2025-11-01>
L3 programming layer <2025-12-24>
(D:\miktex\tex/latex/base\article.cls
Document Class: article 2025/01/22 v1.4n Standard LaTeX document class
(D:\miktex\tex/latex/base\size11.clo
File: size11.clo 2025/01/22 v1.4n Standard LaTeX file (size option)
)
\c@part=\count275
\c@section=\count276
\c@subsection=\count277
\c@subsubsection=\count278
\c@paragraph=\count279
\c@subparagraph=\count280
\c@figure=\count281
\c@table=\count282
\abovecaptionskip=\skip49
\belowcaptionskip=\skip50
\bibindent=\dimen148
) (D:\miktex\tex/latex/base\inputenc.sty
Package: inputenc 2024/02/08 v1.3d Input encoding file
\inpenc@prehook=\toks17
\inpenc@posthook=\toks18
)
(D:\miktex\tex/latex/geometry\geometry.sty
Package: geometry 2026/03/07 v6.0 Page Geometry

(D:\miktex\tex/latex/graphics\keyval.sty
Package: keyval 2022/05/29 v1.15 key=value parser (DPC)
\KV@toks@=\toks19
)
(D:\miktex\tex/generic/iftex\ifvtex.sty
Package: ifvtex 2019/10/25 v1.7 ifvtex legacy package. Use iftex instead.
 (D:\miktex\tex/generic/iftex\iftex.sty
Package: iftex 2024/12/12 v1.0g TeX engine tests
))
\Gm@cnth=\count283
\Gm@cntv=\count284
\c@Gm@tempcnt=\count285
\Gm@bindingoffset=\dimen149
\Gm@wd@mp=\dimen150
\Gm@odd@mp=\dimen151
\Gm@even@mp=\dimen152
\Gm@layoutwidth=\dimen153
\Gm@layoutheight=\dimen154
\Gm@layouthoffset=\dimen155
\Gm@layoutvoffset=\dimen156
\Gm@dimlist=\toks20
 (D:\miktex\tex/latex/geometry\geometry.cfg))
(D:\miktex\tex/latex/hyperref\hyperref.sty
Package: hyperref 2025-07-12 v7.01o Hypertext links for LaTeX

(D:\miktex\tex/latex/kvsetkeys\kvsetkeys.sty
Package: kvsetkeys 2022-10-05 v1.19 Key value parser (HO)
)
(D:\miktex\tex/generic/kvdefinekeys\kvdefinekeys.sty
Package: kvdefinekeys 2019-12-19 v1.6 Define keys (HO)
)
(D:\miktex\tex/generic/pdfescape\pdfescape.sty
Package: pdfescape 2019/12/09 v1.15 Implements pdfTeX's escape features (HO)

(D:\miktex\tex/generic/ltxcmds\ltxcmds.sty
Package: ltxcmds 2023-12-04 v1.26 LaTeX kernel commands for general use (HO)
)
(D:\miktex\tex/generic/pdftexcmds\pdftexcmds.sty
Package: pdftexcmds 2020-06-27 v0.33 Utility functions of pdfTeX for LuaTeX (HO
)

(D:\miktex\tex/generic/infwarerr\infwarerr.sty
Package: infwarerr 2019/12/03 v1.5 Providing info/warning/error messages (HO)
)
Package pdftexcmds Info: \pdf@primitive is available.
Package pdftexcmds Info: \pdf@ifprimitive is available.
Package pdftexcmds Info: \pdfdraftmode found.
))
(D:\miktex\tex/latex/hycolor\hycolor.sty
Package: hycolor 2020-01-27 v1.10 Color options for hyperref/bookmark (HO)
)
(D:\miktex\tex/latex/hyperref\nameref.sty
Package: nameref 2025-06-21 v2.57 Cross-referencing by name of section

(D:\miktex\tex/latex/refcount\refcount.sty
Package: refcount 2019/12/15 v3.6 Data extraction from label references (HO)
)
(D:\miktex\tex/generic/gettitlestring\gettitlestring.sty
Package: gettitlestring 2019/12/15 v1.6 Cleanup title references (HO)

(D:\miktex\tex/latex/kvoptions\kvoptions.sty
Package: kvoptions 2022-06-15 v3.15 Key value format for package options (HO)
))
\c@section@level=\count286
)
(D:\miktex\tex/latex/etoolbox\etoolbox.sty
Package: etoolbox 2025/10/02 v2.5m e-TeX tools for LaTeX (JAW)
\etb@tempcnta=\count287
)
(D:\miktex\tex/generic/stringenc\stringenc.sty
Package: stringenc 2019/11/29 v1.12 Convert strings between diff. encodings (HO
)
)
\@linkdim=\dimen157
\Hy@linkcounter=\count288
\Hy@pagecounter=\count289

(D:\miktex\tex/latex/hyperref\pd1enc.def
File: pd1enc.def 2025-07-12 v7.01o Hyperref: PDFDocEncoding definition (HO)
Now handling font encoding PD1 ...
... no UTF-8 mapping file for font encoding PD1
)
(D:\miktex\tex/generic/intcalc\intcalc.sty
Package: intcalc 2019/12/15 v1.3 Expandable calculations with integers (HO)
)
\Hy@SavedSpaceFactor=\count290

(D:\miktex\tex/latex/hyperref\puenc.def
File: puenc.def 2025-07-12 v7.01o Hyperref: PDF Unicode definition (HO)
Now handling font encoding PU ...
... no UTF-8 mapping file for font encoding PU
)
Package hyperref Info: Hyper figures OFF on input line 4195.
Package hyperref Info: Link nesting OFF on input line 4200.
Package hyperref Info: Hyper index ON on input line 4203.
Package hyperref Info: Plain pages OFF on input line 4210.
Package hyperref Info: Backreferencing OFF on input line 4215.
Package hyperref Info: Implicit mode ON; LaTeX internals redefined.
Package hyperref Info: Bookmarks ON on input line 4462.
\c@Hy@tempcnt=\count291
 (D:\miktex\tex/latex/url\url.sty
\Urlmuskip=\muskip17
Package: url 2013/09/16  ver 3.4  Verb mode for urls, etc.
)
LaTeX Info: Redefining \url on input line 4801.
\XeTeXLinkMargin=\dimen158

(D:\miktex\tex/generic/bitset\bitset.sty
Package: bitset 2019/12/09 v1.3 Handle bit-vector datatype (HO)

(D:\miktex\tex/generic/bigintcalc\bigintcalc.sty
Package: bigintcalc 2019/12/15 v1.5 Expandable calculations on big integers (HO
)
))
\Fld@menulength=\count292
\Field@Width=\dimen159
\Fld@charsize=\dimen160
Package hyperref Info: Hyper figures OFF on input line 6078.
Package hyperref Info: Link nesting OFF on input line 6083.
Package hyperref Info: Hyper index ON on input line 6086.
Package hyperref Info: backreferencing OFF on input line 6093.
Package hyperref Info: Link coloring OFF on input line 6098.
Package hyperref Info: Link coloring with OCG OFF on input line 6103.
Package hyperref Info: PDF/A mode OFF on input line 6108.
\Hy@abspage=\count293
\c@Item=\count294
\c@Hfootnote=\count295
)
Package hyperref Info: Driver (autodetected): hpdftex.

(D:\miktex\tex/latex/hyperref\hpdftex.def
File: hpdftex.def 2025-07-12 v7.01o Hyperref driver for pdfTeX
\Fld@listcount=\count296
\c@bookmark@seq@number=\count297

(D:\miktex\tex/latex/rerunfilecheck\rerunfilecheck.sty
Package: rerunfilecheck 2025-06-21 v1.11 Rerun checks for auxiliary files (HO)

(D:\miktex\tex/generic/uniquecounter\uniquecounter.sty
Package: uniquecounter 2019/12/15 v1.4 Provide unlimited unique counter (HO)
)
Package uniquecounter Info: New unique counter `rerunfilecheck' on input line 2
84.
)
\Hy@SectionHShift=\skip51
)
Package hyperref Info: Option `colorlinks' set `true' on input line 12.

(D:\miktex\tex/latex/amsmath\amsmath.sty
Package: amsmath 2025/07/09 v2.17z AMS math features
\@mathmargin=\skip52

For additional information on amsmath, use the `?' option.
(D:\miktex\tex/latex/amsmath\amstext.sty
Package: amstext 2024/11/17 v2.01 AMS text

(D:\miktex\tex/latex/amsmath\amsgen.sty
File: amsgen.sty 1999/11/30 v2.0 generic functions
\@emptytoks=\toks21
\ex@=\dimen161
))
(D:\miktex\tex/latex/amsmath\amsbsy.sty
Package: amsbsy 1999/11/29 v1.2d Bold Symbols
\pmbraise@=\dimen162
)
(D:\miktex\tex/latex/amsmath\amsopn.sty
Package: amsopn 2022/04/08 v2.04 operator names
)
\inf@bad=\count298
LaTeX Info: Redefining \frac on input line 233.
\uproot@=\count299
\leftroot@=\count300
LaTeX Info: Redefining \overline on input line 398.
LaTeX Info: Redefining \colon on input line 409.
\classnum@=\count301
\DOTSCASE@=\count302
LaTeX Info: Redefining \ldots on input line 495.
LaTeX Info: Redefining \dots on input line 498.
LaTeX Info: Redefining \cdots on input line 619.
\Mathstrutbox@=\box53
\strutbox@=\box54
LaTeX Info: Redefining \big on input line 721.
LaTeX Info: Redefining \Big on input line 722.
LaTeX Info: Redefining \bigg on input line 723.
LaTeX Info: Redefining \Bigg on input line 724.
\big@size=\dimen163
LaTeX Font Info:    Redeclaring font encoding OML on input line 742.
LaTeX Font Info:    Redeclaring font encoding OMS on input line 743.
\macc@depth=\count303
LaTeX Info: Redefining \bmod on input line 904.
LaTeX Info: Redefining \pmod on input line 909.
LaTeX Info: Redefining \smash on input line 939.
LaTeX Info: Redefining \relbar on input line 969.
LaTeX Info: Redefining \Relbar on input line 970.
\c@MaxMatrixCols=\count304
\dotsspace@=\muskip18
\c@parentequation=\count305
\dspbrk@lvl=\count306
\tag@help=\toks22
\row@=\count307
\column@=\count308
\maxfields@=\count309
\andhelp@=\toks23
\eqnshift@=\dimen164
\alignsep@=\dimen165
\tagshift@=\dimen166
\tagwidth@=\dimen167
\totwidth@=\dimen168
\lineht@=\dimen169
\@envbody=\toks24
\multlinegap=\skip53
\multlinetaggap=\skip54
\mathdisplay@stack=\toks25
LaTeX Info: Redefining \[ on input line 2950.
LaTeX Info: Redefining \] on input line 2951.
)
(D:\miktex\tex/latex/amsfonts\amssymb.sty
Package: amssymb 2013/01/14 v3.01 AMS font symbols

(D:\miktex\tex/latex/amsfonts\amsfonts.sty
Package: amsfonts 2013/01/14 v3.01 Basic AMSFonts support
\symAMSa=\mathgroup4
\symAMSb=\mathgroup5
LaTeX Font Info:    Redeclaring math symbol \hbar on input line 98.
LaTeX Font Info:    Overwriting math alphabet `\mathfrak' in version `bold'
(Font)                  U/euf/m/n --> U/euf/b/n on input line 106.
))
(D:\miktex\tex/latex/graphics\graphicx.sty
Package: graphicx 2024/12/31 v1.2e Enhanced LaTeX Graphics (DPC,SPQR)

(D:\miktex\tex/latex/graphics\graphics.sty
Package: graphics 2024/08/06 v1.4g Standard LaTeX Graphics (DPC,SPQR)

(D:\miktex\tex/latex/graphics\trig.sty
Package: trig 2023/12/02 v1.11 sin cos tan (DPC)
)
(D:\miktex\tex/latex/graphics-cfg\graphics.cfg
File: graphics.cfg 2016/06/04 v1.11 sample graphics configuration
)
Package graphics Info: Driver file: pdftex.def on input line 106.

(D:\miktex\tex/latex/graphics-def\pdftex.def
File: pdftex.def 2025/09/29 v1.2d Graphics/color driver for pdftex
))
\Gin@req@height=\dimen170
\Gin@req@width=\dimen171
)
(D:\miktex\tex/latex/booktabs\booktabs.sty
Package: booktabs 2020/01/12 v1.61803398 Publication quality tables
\heavyrulewidth=\dimen172
\lightrulewidth=\dimen173
\cmidrulewidth=\dimen174
\belowrulesep=\dimen175
\belowbottomsep=\dimen176
\aboverulesep=\dimen177
\abovetopsep=\dimen178
\cmidrulesep=\dimen179
\cmidrulekern=\dimen180
\defaultaddspace=\dimen181
\@cmidla=\count310
\@cmidlb=\count311
\@aboverulesep=\dimen182
\@belowrulesep=\dimen183
\@thisruleclass=\count312
\@lastruleclass=\count313
\@thisrulewidth=\dimen184
)
(D:\miktex\tex/latex/tools\tabularx.sty
Package: tabularx 2023/12/11 v2.12a `tabularx' package (DPC)
 (D:\miktex\tex/latex/tools\array.sty
Package: array 2025/09/25 v2.6n Tabular extension package (FMi)
\col@sep=\dimen185
\ar@mcellbox=\box55
\extrarowheight=\dimen186
\NC@list=\toks26
\extratabsurround=\skip55
\backup@length=\skip56
\ar@cellbox=\box56
)
\TX@col@width=\dimen187
\TX@old@table=\dimen188
\TX@old@col=\dimen189
\TX@target=\dimen190
\TX@delta=\dimen191
\TX@cols=\count314
\TX@ftn=\toks27
)
(D:\miktex\tex/latex/tools\longtable.sty
Package: longtable 2025-10-13 v4.24 Multi-page Table package (DPC)
\LTleft=\skip57
\LTright=\skip58
\LTpre=\skip59
\LTpost=\skip60
\LTchunksize=\count315
\LTcapwidth=\dimen192
\LT@head=\box57
\LT@firsthead=\box58
\LT@foot=\box59
\LT@lastfoot=\box60
\LT@gbox=\box61
\LT@cols=\count316
\LT@rows=\count317
\c@LT@tables=\count318
\c@LT@chunks=\count319
\LT@p@ftn=\toks28
)
(D:\miktex\tex/latex/listings\listings.sty
\lst@mode=\count320
\lst@gtempboxa=\box62
\lst@token=\toks29
\lst@length=\count321
\lst@currlwidth=\dimen193
\lst@column=\count322
\lst@pos=\count323
\lst@lostspace=\dimen194
\lst@width=\dimen195
\lst@newlines=\count324
\lst@lineno=\count325
\lst@maxwidth=\dimen196

(D:\miktex\tex/latex/listings\lstpatch.sty
File: lstpatch.sty 2025/11/14 1.11b (Carsten Heinz)
)
(D:\miktex\tex/latex/listings\lstmisc.sty
File: lstmisc.sty 2025/11/14 1.11b (Carsten Heinz)
\c@lstnumber=\count326
\lst@skipnumbers=\count327
\lst@framebox=\box63
)
(D:\miktex\tex/latex/listings\listings.cfg
File: listings.cfg 2025/11/14 1.11b listings configuration
))
Package: listings 2025/11/14 1.11b (Carsten Heinz)

==> First Aid for listings.sty no longer applied!
    Expected:
        2024/09/23 1.10c (Carsten Heinz)
    but found:
        2025/11/14 1.11b (Carsten Heinz)
    so I'm assuming it got fixed.
(D:\miktex\tex/latex/xcolor\xcolor.sty
Package: xcolor 2024/09/29 v3.02 LaTeX color extensions (UK)

(D:\miktex\tex/latex/graphics-cfg\color.cfg
File: color.cfg 2016/01/02 v1.6 sample color configuration
)
Package xcolor Info: Driver file: pdftex.def on input line 274.

(D:\miktex\tex/latex/graphics\mathcolor.ltx)
Package xcolor Info: Model `cmy' substituted by `cmy0' on input line 1349.
Package xcolor Info: Model `hsb' substituted by `rgb' on input line 1353.
Package xcolor Info: Model `RGB' extended on input line 1365.
Package xcolor Info: Model `HTML' substituted by `rgb' on input line 1367.
Package xcolor Info: Model `Hsb' substituted by `hsb' on input line 1368.
Package xcolor Info: Model `tHsb' substituted by `hsb' on input line 1369.
Package xcolor Info: Model `HSB' substituted by `hsb' on input line 1370.
Package xcolor Info: Model `Gray' substituted by `gray' on input line 1371.
Package xcolor Info: Model `wave' substituted by `hsb' on input line 1372.
)
(D:\miktex\tex/latex/fancyhdr\fancyhdr.sty
Package: fancyhdr 2025/02/07 v5.2 Extensive control of page headers and footers

\f@nch@headwidth=\skip61
\f@nch@offset@elh=\skip62
\f@nch@offset@erh=\skip63
\f@nch@offset@olh=\skip64
\f@nch@offset@orh=\skip65
\f@nch@offset@elf=\skip66
\f@nch@offset@erf=\skip67
\f@nch@offset@olf=\skip68
\f@nch@offset@orf=\skip69
\f@nch@height=\skip70
\f@nch@footalignment=\skip71
\f@nch@widthL=\skip72
\f@nch@widthC=\skip73
\f@nch@widthR=\skip74
\@temptokenb=\toks30
)
(D:\miktex\tex/latex/enumitem\enumitem.sty
Package: enumitem 2025/02/06 v3.11 Customized lists
\labelindent=\skip75
\enit@outerparindent=\dimen197
\enit@toks=\toks31
\enit@inbox=\box64
\enit@count@id=\count328
\enitdp@description=\count329
)
(D:\miktex\tex/latex/caption\caption.sty
Package: caption 2023/08/05 v3.6o Customizing captions (AR)

(D:\miktex\tex/latex/caption\caption3.sty
Package: caption3 2023/07/31 v2.4d caption3 kernel (AR)
\caption@tempdima=\dimen198
\captionmargin=\dimen199
\caption@leftmargin=\dimen256
\caption@rightmargin=\dimen257
\caption@width=\dimen258
\caption@indent=\dimen259
\caption@parindent=\dimen260
\caption@hangindent=\dimen261
Package caption Info: Standard document class detected.
)
\c@caption@flags=\count330
\c@continuedfloat=\count331
Package caption Info: hyperref package is loaded.
Package caption Info: listings package is loaded.
Package caption Info: longtable package is loaded.

(D:\miktex\tex/latex/caption\ltcaption.sty
Package: ltcaption 2021/01/08 v1.4c longtable captions (AR)
))
(D:\miktex\tex/latex/l3backend\l3backend-pdftex.def
File: l3backend-pdftex.def 2025-10-09 L3 backend support: PDF output (pdfTeX)
\l__color_backend_stack_int=\count332
) (main.aux)
\openout1 = `main.aux'.

LaTeX Font Info:    Checking defaults for OML/cmm/m/it on input line 100.
LaTeX Font Info:    ... okay on input line 100.
LaTeX Font Info:    Checking defaults for OMS/cmsy/m/n on input line 100.
LaTeX Font Info:    ... okay on input line 100.
LaTeX Font Info:    Checking defaults for OT1/cmr/m/n on input line 100.
LaTeX Font Info:    ... okay on input line 100.
LaTeX Font Info:    Checking defaults for T1/cmr/m/n on input line 100.
LaTeX Font Info:    ... okay on input line 100.
LaTeX Font Info:    Checking defaults for TS1/cmr/m/n on input line 100.
LaTeX Font Info:    ... okay on input line 100.
LaTeX Font Info:    Checking defaults for OMX/cmex/m/n on input line 100.
LaTeX Font Info:    ... okay on input line 100.
LaTeX Font Info:    Checking defaults for U/cmr/m/n on input line 100.
LaTeX Font Info:    ... okay on input line 100.
LaTeX Font Info:    Checking defaults for PD1/pdf/m/n on input line 100.
LaTeX Font Info:    ... okay on input line 100.
LaTeX Font Info:    Checking defaults for PU/pdf/m/n on input line 100.
LaTeX Font Info:    ... okay on input line 100.

*geometry* driver: auto-detecting
*geometry* detected driver: pdftex
*geometry* verbose mode - [ preamble ] result:
* driver: pdftex
* paper: a4paper
* layout: <same size as paper>
* layoutoffset:(h,v)=(0.0pt,0.0pt)
* modes: 
* h-part:(L,W,R)=(57.81621pt, 481.87546pt, 57.81621pt)
* v-part:(T,H,B)=(57.81621pt, 729.41443pt, 57.81621pt)
* \paperwidth=597.50787pt
* \paperheight=845.04684pt
* \textwidth=481.87546pt
* \textheight=729.41443pt
* \oddsidemargin=-14.45378pt
* \evensidemargin=-14.45378pt
* \topmargin=-51.45378pt
* \headheight=12.0pt
* \headsep=25.0pt
* \topskip=11.0pt
* \footskip=30.0pt
* \marginparwidth=50.0pt
* \marginparsep=10.0pt
* \columnsep=10.0pt
* \skip\footins=10.0pt plus 4.0pt minus 2.0pt
* \hoffset=0.0pt
* \voffset=0.0pt
* \mag=1000
* \@twocolumnfalse
* \@twosidefalse
* \@mparswitchfalse
* \@reversemarginfalse
* (1in=72.27pt=25.4mm, 1cm=28.453pt)

Package hyperref Info: Link coloring ON on input line 100.
(main.out) (main.out)
\@outlinefile=\write3
\openout3 = `main.out'.

 (D:\miktex\tex/context/base/mkii\supp-pdf.mkii
[Loading MPS to PDF converter (version 2006.09.02).]
\scratchcounter=\count333
\scratchdimen=\dimen262
\scratchbox=\box65
\nofMPsegments=\count334
\nofMParguments=\count335
\everyMPshowfont=\toks32
\MPscratchCnt=\count336
\MPscratchDim=\dimen263
\MPnumerator=\count337
\makeMPintoPDFobject=\count338
\everyMPtoPDFconversion=\toks33
) (D:\miktex\tex/latex/epstopdf-pkg\epstopdf-base.sty
Package: epstopdf-base 2020-01-24 v2.11 Base part for package epstopdf
Package epstopdf-base Info: Redefining graphics rule for `.eps' on input line 4
85.

(D:\miktex\tex/latex/00miktex\epstopdf-sys.cfg
File: epstopdf-sys.cfg 2021/03/18 v2.0 Configuration of epstopdf for MiKTeX
))
\c@lstlisting=\count339
Package caption Info: Begin \AtBeginDocument code.
Package caption Info: End \AtBeginDocument code.
<images/ruhuna_logo.png, id=203, 87.32625pt x 80.3pt>
File: images/ruhuna_logo.png Graphic file (type png)
<use images/ruhuna_logo.png>
Package pdftex.def Info: images/ruhuna_logo.png  used on input line 109.
(pdftex.def)             Requested size: 85.35826pt x 78.49495pt.
LaTeX Font Info:    Trying to load font information for U+msa on input line 142
.

(D:\miktex\tex/latex/amsfonts\umsa.fd
File: umsa.fd 2013/01/14 v3.01 AMS symbols A
)
LaTeX Font Info:    Trying to load font information for U+msb on input line 142
.
 (D:\miktex\tex/latex/amsfonts\umsb.fd
File: umsb.fd 2013/01/14 v3.01 AMS symbols B
)
[1

{C:/Users/rmkav/AppData/Local/MiKTeX/fonts/map/pdftex/pdftex.map} <./images/ruh
una_logo.png>]
pdfTeX warning (ext4): destination with the same identifier (name{page.1}) has 
been already used, duplicate ignored
<to be read again> 
                   \relax 
l.187 
       [1]
<images/topology.png, id=223, 1392.20125pt x 701.62125pt>
File: images/topology.png Graphic file (type png)
<use images/topology.png>
Package pdftex.def Info: images/topology.png  used on input line 198.
(pdftex.def)             Requested size: 424.05275pt x 213.69975pt.
Package hyperref Info: bookmark level for unknown lstlisting defaults to 0 on i
nput line 203.
 [2 <./images/topology.png>]
Overfull \hbox (2.31166pt too wide) in paragraph at lines 278--278
[]|\OT1/cmr/bx/n/8 Category| 
 []


Underfull \hbox (badness 10000) in paragraph at lines 278--278
[]|\OT1/cmr/bx/n/8 GNS3 Im-
 []


Underfull \hbox (badness 10000) in paragraph at lines 278--278
[]|\OT1/cmr/bx/n/8 Primary OSI
 []


Underfull \hbox (badness 10000) in paragraph at lines 278--278
[]|\OT1/cmr/m/n/8 WAN
 []


Underfull \hbox (badness 10000) in paragraph at lines 278--278
[]|\OT1/cmr/m/n/8 Cisco 7200
 []


Underfull \hbox (badness 10000) in paragraph at lines 278--278
[]|\OT1/cmr/m/n/8 Layer 3 Edge
 []


Underfull \hbox (badness 10000) in paragraph at lines 278--278
[]|\OT1/cmr/m/n/8 Core
 []


Underfull \hbox (badness 10000) in paragraph at lines 278--278
[]|\OT1/cmr/m/n/8 Cisco 7200
 []


Underfull \hbox (badness 10000) in paragraph at lines 278--278
[]|\OT1/cmr/m/n/8 Layer 3 Core
 []


Underfull \hbox (badness 10000) in paragraph at lines 278--278
[]|\OT1/cmr/m/n/8 Core
 []


Overfull \hbox (8.27727pt too wide) in paragraph at lines 278--278
[]|\OT1/cmr/m/n/8 Distribution| 
 []


Underfull \hbox (badness 10000) in paragraph at lines 278--278
[]|\OT1/cmr/m/n/8 Layer 3 DEIE
 []


Underfull \hbox (badness 4595) in paragraph at lines 278--278
\OT1/cmr/m/n/8 Gate-way & Ag-
 []


Overfull \hbox (8.27727pt too wide) in paragraph at lines 278--278
[]|\OT1/cmr/m/n/8 Distribution| 
 []


Underfull \hbox (badness 10000) in paragraph at lines 278--278
[]|\OT1/cmr/m/n/8 Layer 3 DCEE
 []


Underfull \hbox (badness 4595) in paragraph at lines 278--278
\OT1/cmr/m/n/8 Gate-way & Ag-
 []


Overfull \hbox (8.27727pt too wide) in paragraph at lines 278--278
[]|\OT1/cmr/m/n/8 Distribution| 
 []


Underfull \hbox (badness 4217) in paragraph at lines 278--278
[]|\OT1/cmr/m/n/8 Layer 3 DMME
 []


Underfull \hbox (badness 10000) in paragraph at lines 278--278
[]|\OT1/cmr/m/n/8 Access
 []


Underfull \hbox (badness 10000) in paragraph at lines 278--278
[]|\OT1/cmr/m/n/8 IOSvL2 L2
 []


Underfull \hbox (badness 10000) in paragraph at lines 278--278
[]|\OT1/cmr/m/n/8 Access
 []


Underfull \hbox (badness 10000) in paragraph at lines 278--278
[]|\OT1/cmr/m/n/8 IOSvL2 L2
 []


Underfull \hbox (badness 10000) in paragraph at lines 278--278
[]|\OT1/cmr/m/n/8 Access
 []


Underfull \hbox (badness 10000) in paragraph at lines 278--278
[]|\OT1/cmr/m/n/8 IOSvL2 L2
 []


Underfull \hbox (badness 10000) in paragraph at lines 278--278
[]|\OT1/cmr/m/n/8 Access
 []


Underfull \hbox (badness 10000) in paragraph at lines 278--278
[]|\OT1/cmr/m/n/8 IOSvL2 L2
 []


Underfull \hbox (badness 10000) in paragraph at lines 278--278
[]|\OT1/cmr/m/n/8 Layer 2
 []


Underfull \hbox (badness 10000) in paragraph at lines 278--278
\OT1/cmr/m/n/8 Host/Server
 []


Underfull \hbox (badness 10000) in paragraph at lines 278--278
[]|\OT1/cmr/m/n/8 Control
 []


Overfull \hbox (4.32999pt too wide) in paragraph at lines 278--278
[]|\OT1/cmr/m/n/8 Monitoring| 
 []


Underfull \hbox (badness 10000) in paragraph at lines 278--278
[]|\OT1/cmr/m/n/8 Network Man-
 []


Underfull \hbox (badness 10000) in paragraph at lines 278--278
\OT1/cmr/m/n/8 age-ment Sys-tem
 []


Underfull \hbox (badness 10000) in paragraph at lines 278--278
[]|\OT1/cmr/m/n/8 App
 []


Underfull \hbox (badness 10000) in paragraph at lines 278--278
[]|\OT1/cmr/m/n/8 Linux Con-
 []


Underfull \hbox (badness 1953) in paragraph at lines 278--278
[]|\OT1/cmr/m/n/8 End Sta-
 []


Underfull \hbox (badness 1337) in paragraph at lines 278--278
[]|\OT1/cmr/m/n/8 GNS3 VPCS
 []

[3]
Overfull \hbox (135.4911pt too wide) in alignment at lines 329--329
[][][][][][] 
 []


Overfull \hbox (6.29596pt too wide) in alignment at lines 350--350
[][][][][] 
 []

[4]
Overfull \hbox (1.68565pt too wide) in paragraph at lines 358--359
[]\OT1/cmr/bx/n/10.95 Core Router (R-CORE) \OT1/cmr/m/n/10.95 ad-ver-tises tran
-sit link \OT1/cmtt/m/n/10.95 10.0.0.0/30 \OT1/cmr/m/n/10.95 and back-bone link
 \OT1/cmtt/m/n/10.95 10.0.1.0/30\OT1/cmr/m/n/10.95 . 
 []


Overfull \hbox (39.35632pt too wide) in paragraph at lines 359--360
[]\OT1/cmr/bx/n/10.95 SW-CORE \OT1/cmr/m/n/10.95 ad-ver-tises back-bone link \O
T1/cmtt/m/n/10.95 10.0.1.0/30\OT1/cmr/m/n/10.95 , point-to-point links (\OT1/cm
tt/m/n/10.95 10.0.10.0/30\OT1/cmr/m/n/10.95 , \OT1/cmtt/m/n/10.95 10.0.20.0/30\
OT1/cmr/m/n/10.95 ,
 []


Overfull \hbox (18.59445pt too wide) in paragraph at lines 360--361
[]\OT1/cmr/bx/n/10.95 Distribution Switches \OT1/cmr/m/n/10.95 ad-ver-tise thei
r re-spec-tive routed \OT1/cmtt/m/n/10.95 /30 \OT1/cmr/m/n/10.95 links and clie
nt SVIs (\OT1/cmtt/m/n/10.95 10.10.10.0/24\OT1/cmr/m/n/10.95 ,
 []

[5]
Underfull \hbox (badness 10000) in paragraph at lines 441--441
[]|\OT1/cmr/bx/n/10 Application In-ter-
 []


Underfull \hbox (badness 10000) in paragraph at lines 441--441
\OT1/cmtt/m/n/10 interface vlan 10
 []


Underfull \hbox (badness 10000) in paragraph at lines 441--441
\OT1/cmtt/m/n/10 interface vlan 20
 []


Underfull \hbox (badness 10000) in paragraph at lines 441--441
\OT1/cmtt/m/n/10 interface vlan 30
 []


Underfull \hbox (badness 10000) in paragraph at lines 441--441
\OT1/cmtt/m/n/10 interface vlan 40
 []


Underfull \hbox (badness 10000) in paragraph at lines 441--441
\OT1/cmtt/m/n/10 interface vlan 99
 []

[6] (D:\miktex\tex/latex/base\omscmr.fd)
<images/cell[1,4].png, id=310, 668.4975pt x 549.05125pt>
File: images/cell[1,4].png Graphic file (type png)
<use images/cell[1,4].png>
Package pdftex.def Info: images/cell[1,4].png  used on input line 506.
(pdftex.def)             Requested size: 395.1414pt x 324.54901pt.
 [7]
<images/cell[2,4].png, id=319, 668.4975pt x 549.05125pt>
File: images/cell[2,4].png Graphic file (type png)
<use images/cell[2,4].png>
Package pdftex.def Info: images/cell[2,4].png  used on input line 530.
(pdftex.def)             Requested size: 395.1414pt x 324.54901pt.
 [8 <./images/cell[1,4].png>]
Overfull \hbox (0.4214pt too wide) in paragraph at lines 567--568
[]\OT1/cmtt/m/n/10.95 02[]configure[]snmp[]all.py\OT1/cmr/m/n/10.95 : Pushes SN
-MPv2c read-only com-mu-nity strings (\OT1/cmtt/m/n/10.95 public[]foe[]snmp\OT1
/cmr/m/n/10.95 )
 []

[9 <./images/cell[2,4].png>] (D:\miktex\tex/latex/listings\lstlang1.sty
File: lstlang1.sty 2025/11/14 1.11b listings language file
)
LaTeX Font Info:    Font shape `OT1/cmtt/bx/n' in size <9> not available
(Font)              Font shape `OT1/cmtt/m/n' tried instead on input line 572.

[10]
LaTeX Font Info:    Font shape `OT1/cmtt/bx/n' in size <10.95> not available
(Font)              Font shape `OT1/cmtt/m/n' tried instead on input line 637.

Overfull \hbox (17.57402pt too wide) in paragraph at lines 644--645
[]\OT1/cmr/bx/n/10.95 Play 5\OT1/cmr/m/n/10.95 : Layer 3 Dis-tri-bu-tion switch
 setup (SVIs, routed up-links, OSPF) (\OT1/cmtt/m/n/10.95 roles/l3[]distributio
n\OT1/cmr/m/n/10.95 ). 
 []

[11] [12]
Overfull \hbox (7.86017pt too wide) in paragraph at lines 731--732
[]\OT1/cmr/m/it/10.95 Expression\OT1/cmr/m/n/10.95 : \OT1/cmtt/m/n/10.95 last(/
Cisco IOS SNMP/net.if.status[ifOperStatus.1])=2 \OT1/cmr/m/n/10.95 (Sever-ity: 
\OT1/cmr/bx/n/10.95 AV-
 []


Overfull \hbox (2.65826pt too wide) in paragraph at lines 735--736
[]\OT1/cmr/m/it/10.95 Expression\OT1/cmr/m/n/10.95 : \OT1/cmtt/m/n/10.95 min(/C
isco IOS SNMP/system.cpu.util[cpmCPUTotal5minRev.1],60s)>80
 []


Overfull \hbox (11.64703pt too wide) in paragraph at lines 739--740
[]\OT1/cmr/m/it/10.95 Expression\OT1/cmr/m/n/10.95 : \OT1/cmtt/m/n/10.95 last(/
SW-D-DEIE/net.if.status[ifOperStatus.Vlan99])=2 \OT1/cmr/m/n/10.95 (Sever-ity: 
\OT1/cmr/bx/n/10.95 DIS-
 []

LaTeX Font Info:    Font shape `OT1/cmtt/bx/n' in size <12> not available
(Font)              Font shape `OT1/cmtt/m/n' tried instead on input line 743.
[13] [14] [15] [16]
<images/cell[1,1].png, id=594, 723.70375pt x 554.07pt>
File: images/cell[1,1].png Graphic file (type png)
<use images/cell[1,1].png>
Package pdftex.def Info: images/cell[1,1].png  used on input line 962.
(pdftex.def)             Requested size: 231.29816pt x 177.07774pt.
<images/cell[1,2].png, id=595, 668.4975pt x 489.83pt>
File: images/cell[1,2].png Graphic file (type png)
<use images/cell[1,2].png>
Package pdftex.def Info: images/cell[1,2].png  used on input line 963.
(pdftex.def)             Requested size: 231.29816pt x 169.47734pt.
<images/cell[1,3].png, id=596, 668.4975pt x 549.05125pt>
File: images/cell[1,3].png Graphic file (type png)
<use images/cell[1,3].png>
Package pdftex.def Info: images/cell[1,3].png  used on input line 965.
(pdftex.def)             Requested size: 231.29816pt x 189.96744pt.
File: images/cell[1,4].png Graphic file (type png)
<use images/cell[1,4].png>
Package pdftex.def Info: images/cell[1,4].png  used on input line 966.
(pdftex.def)             Requested size: 231.29816pt x 189.96744pt.
<images/cell[2,1].png, id=597, 668.4975pt x 549.05125pt>
File: images/cell[2,1].png Graphic file (type png)
<use images/cell[2,1].png>
Package pdftex.def Info: images/cell[2,1].png  used on input line 977.
(pdftex.def)             Requested size: 231.29816pt x 189.96744pt.
<images/cell[2,2].png, id=598, 668.4975pt x 549.05125pt>
File: images/cell[2,2].png Graphic file (type png)
<use images/cell[2,2].png>
Package pdftex.def Info: images/cell[2,2].png  used on input line 978.
(pdftex.def)             Requested size: 231.29816pt x 189.96744pt.
<images/cell[2,3].png, id=599, 668.4975pt x 549.05125pt>
File: images/cell[2,3].png Graphic file (type png)
<use images/cell[2,3].png>
Package pdftex.def Info: images/cell[2,3].png  used on input line 980.
(pdftex.def)             Requested size: 231.29816pt x 189.96744pt.
File: images/cell[2,4].png Graphic file (type png)
<use images/cell[2,4].png>
Package pdftex.def Info: images/cell[2,4].png  used on input line 981.
(pdftex.def)             Requested size: 231.29816pt x 189.96744pt.

Overfull \hbox (60.79591pt too wide) in paragraph at lines 976--984
 [][] 
 []

<images/cell[3,1].png, id=600, 668.4975pt x 549.05125pt>
File: images/cell[3,1].png Graphic file (type png)
<use images/cell[3,1].png>
Package pdftex.def Info: images/cell[3,1].png  used on input line 992.
(pdftex.def)             Requested size: 231.29816pt x 189.96744pt.
<images/cell[3,2].png, id=601, 668.4975pt x 549.05125pt>
File: images/cell[3,2].png Graphic file (type png)
<use images/cell[3,2].png>
Package pdftex.def Info: images/cell[3,2].png  used on input line 993.
(pdftex.def)             Requested size: 231.29816pt x 189.96744pt.
<images/cell[3,3].png, id=602, 668.4975pt x 549.05125pt>
File: images/cell[3,3].png Graphic file (type png)
<use images/cell[3,3].png>
Package pdftex.def Info: images/cell[3,3].png  used on input line 995.
(pdftex.def)             Requested size: 231.29816pt x 189.96744pt.
<images/cell[3,4].png, id=603, 668.4975pt x 549.05125pt>
File: images/cell[3,4].png Graphic file (type png)
<use images/cell[3,4].png>
Package pdftex.def Info: images/cell[3,4].png  used on input line 996.
(pdftex.def)             Requested size: 231.29816pt x 189.96744pt.
<images/cell[4,1].png, id=604, 668.4975pt x 549.05125pt>
File: images/cell[4,1].png Graphic file (type png)
<use images/cell[4,1].png>
Package pdftex.def Info: images/cell[4,1].png  used on input line 1007.
(pdftex.def)             Requested size: 231.29816pt x 189.96744pt.
<images/cell[4,2].png, id=605, 668.4975pt x 549.05125pt>
File: images/cell[4,2].png Graphic file (type png)
<use images/cell[4,2].png>
Package pdftex.def Info: images/cell[4,2].png  used on input line 1008.
(pdftex.def)             Requested size: 231.29816pt x 189.96744pt.
<images/cell[4,3].png, id=606, 668.4975pt x 549.05125pt>
File: images/cell[4,3].png Graphic file (type png)
<use images/cell[4,3].png>
Package pdftex.def Info: images/cell[4,3].png  used on input line 1010.
(pdftex.def)             Requested size: 231.29816pt x 189.96744pt.
<images/cell[4,4].png, id=607, 668.4975pt x 549.05125pt>
File: images/cell[4,4].png Graphic file (type png)
<use images/cell[4,4].png>
Package pdftex.def Info: images/cell[4,4].png  used on input line 1011.
(pdftex.def)             Requested size: 231.29816pt x 189.96744pt.

Overfull \hbox (123.60643pt too wide) in paragraph at lines 1006--1014
 [][] 
 []

[17] [18 <./images/cell[1,1].png> <./images/cell[1,2].png> <./images/cell[1,3].
png>] [19 <./images/cell[2,1].png> <./images/cell[2,2].png> <./images/cell[2,3]
.png>] [20 <./images/cell[3,1].png> <./images/cell[3,2].png> <./images/cell[3,3
].png> <./images/cell[3,4].png>] [21 <./images/cell[4,1].png> <./images/cell[4,
2].png> <./images/cell[4,3].png> <./images/cell[4,4].png>] (main.aux)
 ***********
LaTeX2e <2025-11-01>
L3 programming layer <2025-12-24>
 ***********
Package rerunfilecheck Info: File `main.out' has not changed.
(rerunfilecheck)             Checksum: 20B9CC73FF72F7D0CB0D2E7EBC179F53;13692.
 ) 
Here is how much of TeX's memory you used:
 15560 strings out of 467871
 235644 string characters out of 5435212
 1246374 words of memory out of 5000000
 43871 multiletter control sequences out of 15000+600000
 641571 words of font info for 94 fonts, out of 8000000 for 9000
 1141 hyphenation exceptions out of 8191
 75i,17n,79p,971b,2036s stack positions out of 10000i,1000n,20000p,200000b,200000s
 <C:\Users\rmkav\AppData\Local\MiKTeX\fonts/pk/ljfour/jknappen/ec/dpi600\tcrm
1000.pk> <C:\Users\rmkav\AppData\Local\MiKTeX\fonts/pk/ljfour/jknappen/ec/dpi60
0\tcrm1095.pk><D:/miktex/fonts/type1/public/amsfonts/cm/cmbsy10.pfb><D:/miktex/
fonts/type1/public/amsfonts/cm/cmbx10.pfb><D:/miktex/fonts/type1/public/amsfont
s/cm/cmbx12.pfb><D:/miktex/fonts/type1/public/amsfonts/cm/cmbx8.pfb><D:/miktex/
fonts/type1/public/amsfonts/cm/cmitt10.pfb><D:/miktex/fonts/type1/public/amsfon
ts/cm/cmr10.pfb><D:/miktex/fonts/type1/public/amsfonts/cm/cmr12.pfb><D:/miktex/
fonts/type1/public/amsfonts/cm/cmr8.pfb><D:/miktex/fonts/type1/public/amsfonts/
cm/cmsy10.pfb><D:/miktex/fonts/type1/public/amsfonts/cm/cmti10.pfb><D:/miktex/f
onts/type1/public/amsfonts/cm/cmtt10.pfb><D:/miktex/fonts/type1/public/amsfonts
/cm/cmtt12.pfb><D:/miktex/fonts/type1/public/amsfonts/cm/cmtt8.pfb><D:/miktex/f
onts/type1/public/amsfonts/cm/cmtt9.pfb><D:/miktex/fonts/type1/public/amsfonts/
symbols/msam10.pfb>
Output written on main.pdf (22 pages, 1322829 bytes).
PDF statistics:
 816 PDF objects out of 1000 (max. 8388607)
 388 named destinations out of 1000 (max. 500000)
 491 words of extra memory for PDF output out of 10000 (max. 10000000)

