\BOOKMARK [1][-]{section.1}{\376\377\000D\000o\000c\000u\000m\000e\000n\000t\000\040\000H\000e\000a\000d\000e\000r}{}% 1
\BOOKMARK [1][-]{section.2}{\376\377\000S\000c\000o\000p\000e\000\040\000a\000n\000d\000\040\000O\000b\000j\000e\000c\000t\000i\000v\000e\000s}{}% 2
\BOOKMARK [2][-]{subsection.2.1}{\376\377\000S\000c\000o\000p\000e\000\040\000o\000f\000\040\000I\000m\000p\000l\000e\000m\000e\000n\000t\000a\000t\000i\000o\000n}{section.2}% 3
\BOOKMARK [2][-]{subsection.2.2}{\376\377\000D\000e\000v\000i\000c\000e\000s\000\040\000i\000n\000\040\000S\000c\000o\000p\000e}{section.2}% 4
\BOOKMARK [2][-]{subsection.2.3}{\376\377\000O\000u\000t\000\040\000o\000f\000\040\000S\000c\000o\000p\000e}{section.2}% 5
\BOOKMARK [1][-]{section.3}{\376\377\000P\000r\000e\000r\000e\000q\000u\000i\000s\000i\000t\000e\000s\000\040\000a\000n\000d\000\040\000P\000r\000e\000-\000C\000h\000e\000c\000k\000s}{}% 6
\BOOKMARK [1][-]{section.4}{\376\377\000R\000i\000s\000k\000\040\000A\000s\000s\000e\000s\000s\000m\000e\000n\000t\000\040\000\046\000\040\000M\000i\000t\000i\000g\000a\000t\000i\000o\000n\000\040\000M\000a\000t\000r\000i\000x}{}% 7
\BOOKMARK [1][-]{section.5}{\376\377\000S\000t\000e\000p\000-\000b\000y\000-\000S\000t\000e\000p\000\040\000E\000x\000e\000c\000u\000t\000i\000o\000n\000\040\000P\000r\000o\000c\000e\000d\000u\000r\000e}{}% 8
\BOOKMARK [2][-]{subsection.5.1}{\376\377\000P\000h\000a\000s\000e\000\040\0001\000:\000\040\000B\000a\000s\000e\000l\000i\000n\000e\000\040\000L\0002\000/\000L\0003\000\040\000P\000h\000y\000s\000i\000c\000a\000l\000\040\000\046\000\040\000I\000n\000t\000e\000r\000f\000a\000c\000e\000\040\000P\000r\000o\000v\000i\000s\000i\000o\000n\000i\000n\000g}{section.5}% 9
\BOOKMARK [3][-]{subsubsection.5.1.1}{\376\377\000S\000t\000e\000p\000\040\0001\000.\0001\000:\000\040\000P\000r\000o\000v\000i\000s\000i\000o\000n\000\040\000B\000a\000s\000e\000\040\000V\000L\000A\000N\000s\000\040\000a\000n\000d\000\040\000T\000r\000u\000n\000k\000s\000\040\000o\000n\000\040\000A\000c\000c\000e\000s\000s\000\040\000S\000w\000i\000t\000c\000h\000e\000s}{subsection.5.1}% 10
\BOOKMARK [2][-]{subsection.5.2}{\376\377\000P\000h\000a\000s\000e\000\040\0002\000:\000\040\000L\000a\000y\000e\000r\000\040\0003\000\040\000D\000i\000s\000t\000r\000i\000b\000u\000t\000i\000o\000n\000\040\000C\000o\000n\000v\000e\000r\000s\000i\000o\000n\000\040\000\046\000\040\000O\000S\000P\000F\000\040\000R\000o\000u\000t\000i\000n\000g\000\040\000S\000e\000t\000u\000p}{section.5}% 11
\BOOKMARK [3][-]{subsubsection.5.2.1}{\376\377\000S\000t\000e\000p\000\040\0002\000.\0001\000:\000\040\000C\000o\000n\000v\000e\000r\000t\000\040\000D\000i\000s\000t\000r\000i\000b\000u\000t\000i\000o\000n\000\040\000U\000p\000l\000i\000n\000k\000s\000\040\000t\000o\000\040\000L\000a\000y\000e\000r\000\040\0003\000\040\000/\0003\0000\000\040\000P\000o\000r\000t\000s\000\040\000\046\000\040\000C\000o\000n\000f\000i\000g\000u\000r\000e\000\040\000S\000V\000I\000s}{subsection.5.2}% 12
\BOOKMARK [3][-]{subsubsection.5.2.2}{\376\377\000S\000t\000e\000p\000\040\0002\000.\0002\000:\000\040\000A\000p\000p\000l\000y\000\040\000H\000o\000s\000t\000\040\000R\000o\000u\000t\000e\000s\000\040\000o\000n\000\040\000S\000W\000-\000C\000O\000R\000E\000\040\000t\000o\000\040\000P\000r\000e\000v\000e\000n\000t\000\040\000M\000a\000n\000a\000g\000e\000m\000e\000n\000t\000\040\000P\000l\000a\000n\000e\000\040\000S\000p\000l\000i\000t}{subsection.5.2}% 13
\BOOKMARK [3][-]{subsubsection.5.2.3}{\376\377\000S\000t\000e\000p\000\040\0002\000.\0003\000:\000\040\000E\000x\000e\000c\000u\000t\000e\000\040\000N\000e\000t\000m\000i\000k\000o\000\040\000R\000o\000u\000t\000e\000r\000\040\000P\000r\000o\000v\000i\000s\000i\000o\000n\000i\000n\000g\000\040\000S\000c\000r\000i\000p\000t\000\040\000\050\000R\000-\000C\000O\000R\000E\000\040\000\046\000\040\000R\000-\000E\000D\000G\000E\000\051}{subsection.5.2}% 14
\BOOKMARK [2][-]{subsection.5.3}{\376\377\000P\000h\000a\000s\000e\000\040\0003\000:\000\040\000I\000n\000t\000e\000r\000-\000D\000e\000p\000a\000r\000t\000m\000e\000n\000t\000a\000l\000\040\000S\000e\000c\000u\000r\000i\000t\000y\000\040\000P\000o\000l\000i\000c\000y\000\040\000\050\000A\000C\000L\000\051\000\040\000D\000e\000p\000l\000o\000y\000m\000e\000n\000t}{section.5}% 15
\BOOKMARK [3][-]{subsubsection.5.3.1}{\376\377\000S\000t\000e\000p\000\040\0003\000.\0001\000:\000\040\000A\000p\000p\000l\000y\000\040\000I\000n\000b\000o\000u\000n\000d\000\040\000E\000x\000t\000e\000n\000d\000e\000d\000\040\000A\000C\000L\000s\000\040\000o\000n\000\040\000D\000i\000s\000t\000r\000i\000b\000u\000t\000i\000o\000n\000\040\000\046\000\040\000C\000o\000r\000e\000\040\000S\000V\000I\000s}{subsection.5.3}% 16
\BOOKMARK [2][-]{subsection.5.4}{\376\377\000P\000h\000a\000s\000e\000\040\0004\000:\000\040\000N\000e\000t\000w\000o\000r\000k\000\040\000M\000o\000n\000i\000t\000o\000r\000i\000n\000g\000\040\000S\000y\000s\000t\000e\000m\000\040\000\050\000Z\000a\000b\000b\000i\000x\000\051\000\040\000O\000n\000b\000o\000a\000r\000d\000i\000n\000g}{section.5}% 17
\BOOKMARK [3][-]{subsubsection.5.4.1}{\376\377\000S\000t\000e\000p\000\040\0004\000.\0001\000:\000\040\000P\000u\000s\000h\000\040\000S\000N\000M\000P\000v\0002\000c\000\040\000C\000o\000m\000m\000u\000n\000i\000t\000y\000\040\000S\000t\000r\000i\000n\000g\000\040\000\046\000\040\000T\000r\000a\000p\000\040\000D\000e\000s\000t\000i\000n\000a\000t\000i\000o\000n\000s}{subsection.5.4}% 18
\BOOKMARK [3][-]{subsubsection.5.4.2}{\376\377\000S\000t\000e\000p\000\040\0004\000.\0002\000:\000\040\000I\000m\000p\000o\000r\000t\000\040\000Z\000a\000b\000b\000i\000x\000\040\000D\000a\000s\000h\000b\000o\000a\000r\000d\000\040\000\046\000\040\000V\000a\000l\000i\000d\000a\000t\000e\000\040\000T\000r\000i\000g\000g\000e\000r\000s}{subsection.5.4}% 19
\BOOKMARK [1][-]{section.6}{\376\377\000C\000o\000m\000p\000r\000e\000h\000e\000n\000s\000i\000v\000e\000\040\000T\000e\000s\000t\000\040\000P\000l\000a\000n}{}% 20
\BOOKMARK [1][-]{section.7}{\376\377\000R\000o\000l\000l\000b\000a\000c\000k\000\040\000P\000r\000o\000c\000e\000d\000u\000r\000e}{}% 21
\BOOKMARK [2][-]{subsection.7.1}{\376\377\000M\000a\000n\000u\000a\000l\000\040\000E\000m\000e\000r\000g\000e\000n\000c\000y\000\040\000R\000e\000v\000e\000r\000t\000\040\000\050\000C\000o\000n\000s\000o\000l\000e\000\040\000A\000c\000c\000e\000s\000s\000\051}{section.7}% 22
\BOOKMARK [2][-]{subsection.7.2}{\376\377\000A\000u\000t\000o\000m\000a\000t\000e\000d\000\040\000S\000w\000i\000t\000c\000h\000\040\000R\000o\000l\000l\000b\000a\000c\000k\000\040\000\050\000A\000n\000s\000i\000b\000l\000e\000\051}{section.7}% 23
\BOOKMARK [2][-]{subsection.7.3}{\376\377\000T\000o\000t\000a\000l\000\040\000I\000n\000f\000r\000a\000s\000t\000r\000u\000c\000t\000u\000r\000e\000\040\000R\000o\000l\000l\000b\000a\000c\000k\000\040\000\050\000G\000N\000S\0003\000\040\000S\000n\000a\000p\000s\000h\000o\000t\000\051}{section.7}% 24
\BOOKMARK [1][-]{section.8}{\376\377\000P\000o\000s\000t\000-\000I\000m\000p\000l\000e\000m\000e\000n\000t\000a\000t\000i\000o\000n\000\040\000R\000e\000v\000i\000e\000w}{}% 25
